{
    "hg19 - one file": {
        "content": [
            [
                "versions.yml:md5,59dbc83520b9e00a736f49ed2513657a"
            ]
        ],
        "meta": {
            "nf-test": "0.8.4",
            "nextflow": "23.10.1"
        },
        "timestamp": "2024-08-03T07:09:23.96541049"
    },
    "hg19 - two files": {
        "content": [
            [
                "versions.yml:md5,59dbc83520b9e00a736f49ed2513657a"
            ]
        ],
        "meta": {
            "nf-test": "0.8.4",
            "nextflow": "23.10.1"
        },
        "timestamp": "2024-08-03T07:09:46.582232806"
    }
}