{
    "human - with_intervals": {
        "content": [
            {
                "0": [
                    [
                        {
                            "id": "test",
                            "single_end": false
                        },
                        "test.tsv:md5,a89e2f8e1b66356c7500599fcadb8784"
                    ]
                ],
                "1": [
                    "versions.yml:md5,7e29632bc14d18f38d63e78a08a73175"
                ],
                "tsv": [
                    [
                        {
                            "id": "test",
                            "single_end": false
                        },
                        "test.tsv:md5,a89e2f8e1b66356c7500599fcadb8784"
                    ]
                ],
                "versions": [
                    "versions.yml:md5,7e29632bc14d18f38d63e78a08a73175"
                ]
            }
        ],
        "meta": {
            "nf-test": "0.8.4",
            "nextflow": "24.04.3"
        },
        "timestamp": "2024-07-18T09:35:40.259043748"
    },
    "human - no_intervals": {
        "content": [
            {
                "0": [
                    [
                        {
                            "id": "test",
                            "single_end": false
                        },
                        "test.tsv:md5,722d2c060944d6b96ae5ae00d8074657"
                    ]
                ],
                "1": [
                    "versions.yml:md5,7e29632bc14d18f38d63e78a08a73175"
                ],
                "tsv": [
                    [
                        {
                            "id": "test",
                            "single_end": false
                        },
                        "test.tsv:md5,722d2c060944d6b96ae5ae00d8074657"
                    ]
                ],
                "versions": [
                    "versions.yml:md5,7e29632bc14d18f38d63e78a08a73175"
                ]
            }
        ],
        "meta": {
            "nf-test": "0.8.4",
            "nextflow": "24.04.3"
        },
        "timestamp": "2024-07-18T09:35:24.020831447"
    },
    "human - no_intervals - stub": {
        "content": [
            {
                "0": [
                    [
                        {
                            "id": "test",
                            "single_end": false
                        },
                        "test.tsv:md5,722d2c060944d6b96ae5ae00d8074657"
                    ]
                ],
                "1": [
                    "versions.yml:md5,7e29632bc14d18f38d63e78a08a73175"
                ],
                "tsv": [
                    [
                        {
                            "id": "test",
                            "single_end": false
                        },
                        "test.tsv:md5,722d2c060944d6b96ae5ae00d8074657"
                    ]
                ],
                "versions": [
                    "versions.yml:md5,7e29632bc14d18f38d63e78a08a73175"
                ]
            }
        ],
        "meta": {
            "nf-test": "0.8.4",
            "nextflow": "24.04.3"
        },
        "timestamp": "2024-07-18T09:35:55.606614454"
    }
}